
> retiro-interactivo@0.3.0 build
> npm run validate:data && astro build


> retiro-interactivo@0.3.0 validate:data
> node scripts/validate-places.mjs

OK: 38 lugares + 44 servicios + 5 rutas + 74 eventos (62 próximos)
00:42:16 [vite] Re-optimizing dependencies because vite config has changed
00:42:16 [types] Generated 73ms
00:42:16 [build] output: "static"
00:42:16 [build] mode: "static"
00:42:16 [build] directory: /Users/open-ia-01/Company/Repos/retiro-interactivo/dist/
00:42:16 [build] Collecting build info...
00:42:16 [build] ✓ Completed in 103ms.
00:42:16 [build] Building static entrypoints...
00:42:16 [vite] ✓ built in 120ms
00:42:16 [WARN] [vite] [plugin builtin:vite-reporter] 
(!) Some chunks are larger than 500 kB after minification. Consider:
- Using dynamic import() to code-split the application
- Use build.rolldownOptions.output.codeSplitting to improve chunking: https://rolldown.rs/reference/OutputOptions.codeSplitting
- Adjust chunk size limit for this warning via build.chunkSizeWarningLimit.
00:42:16 [vite] ✓ built in 166ms
00:42:16 [build] Rearranging server assets...

 generating static routes 
00:42:16   ├─ /acerca-de/index.html (+5ms) 
00:42:16   ├─ /agenda/90-anos-de-la-declaracion-del-parque-del-retiro-como-bien-de-interes-cul/index.html (+17ms) 
00:42:16   ├─ /agenda/aldonza-la-encarada-50322723/index.html (+65ms) 
00:42:16   ├─ /agenda/antonio-pedrero-50104191/index.html (+11ms) 
00:42:16   ├─ /agenda/artes-en-el-retiro-12404595/index.html (+46ms) 
00:42:16   ├─ /agenda/buenos-dias-mundo-50399376/index.html (+86ms) 
00:42:16   ├─ /agenda/caricias-para-el-alma-50265465/index.html (+16ms) 
00:42:16   ├─ /agenda/casa-club-venezuela-50147340/index.html (+51ms) 
00:42:16   ├─ /agenda/conoce-una-estacion-de-vigilancia-de-la-calidad-del-aire-cabana-de-la-ro/index.html (+28ms) 
00:42:16   ├─ /agenda/coplas-del-alma-50322881/index.html (+68ms) 
00:42:16   ├─ /agenda/corazon-de-agua-retiro-50362790/index.html (+110ms) 
00:42:17   ├─ /agenda/cristobal-purchinela-50399373/index.html (+64ms) 
00:42:17   ├─ /agenda/curso-de-huerto-especializado-50148940/index.html (+59ms) 
00:42:17   ├─ /agenda/descubre-el-vivero-de-estufas-del-retiro-11769477/index.html (+27ms) 
00:42:17   ├─ /agenda/descubre-el-vivero-de-estufas-del-retiro-11769479/index.html (+31ms) 
00:42:17   ├─ /agenda/el-agua-en-los-jardines-de-el-retiro-11769616/index.html (+31ms) 
00:42:17   ├─ /agenda/el-circo-que-llevo-dentro-50265824/index.html (+2ms) 
00:42:17   ├─ /agenda/el-mejor-show-50146307/index.html (+32ms) 
00:42:17   ├─ /agenda/el-panadero-y-el-diablo-50379664/index.html (+25ms) 
00:42:17   ├─ /agenda/el-retiro-a-traves-de-sus-fotografias-11769587/index.html (+39ms) 
00:42:17   ├─ /agenda/el-retiro-a-traves-de-sus-jardines-11769591/index.html (+2ms) 
00:42:17   ├─ /agenda/enlazadas-50266169/index.html (+46ms) 
00:42:17   ├─ /agenda/exposicion-iv-passarela-brasil-fashion-50404386/index.html (+9ms) 
00:42:17   ├─ /agenda/festival-4-estaciones-50235568/index.html (+13ms) 
00:42:17   ├─ /agenda/hansel-y-gretel-50379653/index.html (+16ms) 
00:42:17   ├─ /agenda/homenaje-a-jose-ignacio-cabrujas-50145563/index.html (+20ms) 
00:42:17   ├─ /agenda/ii-festival-internacional-de-piano-50221891/index.html (+46ms) 
00:42:17   ├─ /agenda/iii-jornadas-de-estudios-e-investigacion-en-egiptologia-50289767/index.html (+16ms) 
00:42:17   ├─ /agenda/iv-edicion-festival-alicia-de-larrocha-50265531/index.html (+31ms) 
00:42:17   ├─ /agenda/jardin-muestra-de-proceso-50145709/index.html (+44ms) 
00:42:17   ├─ /agenda/jornada-de-huerto-50202486/index.html (+46ms) 
00:42:17   ├─ /agenda/jornada-de-huerto-50150274/index.html (+61ms) 
00:42:17   ├─ /agenda/la-charo-celebracion-ancestral-retiro-50368535/index.html (+192ms) 
00:42:17   ├─ /agenda/la-musica-de-las-palabras-50147284/index.html (+29ms) 
00:42:17   ├─ /agenda/las-aventuras-de-gasparina-50379644/index.html (+79ms) 
00:42:17   ├─ /agenda/los-mas-pequenos-tambien-plantamos-50343647/index.html (+66ms) 
00:42:18   ├─ /agenda/los-monumentos-de-los-jardines-del-buen-retiro-hablan-50322662/index.html (+52ms) 
00:42:18   ├─ /agenda/modelo-integrador-restaurativo-50174902/index.html (+8ms) 
00:42:18   ├─ /agenda/musica-madre-retiro-50362839/index.html (+55ms) 
00:42:18   ├─ /agenda/paraguay-en-escena-50265834/index.html (+44ms) 
00:42:18   ├─ /agenda/paseo-historico-prado-recoletos-i-12048875/index.html (+13ms) 
00:42:18   ├─ /agenda/pasion-flamenca-50145704/index.html (+44ms) 
00:42:18   ├─ /agenda/planeta-funerario-50235439/index.html (+9ms) 
00:42:18   ├─ /agenda/planeta-tierra-50399379/index.html (+80ms) 
00:42:18   ├─ /agenda/pop-50147338/index.html (+46ms) 
00:42:18   ├─ /agenda/recital-de-piano-50322790/index.html (+32ms) 
00:42:18   ├─ /agenda/recorriendo-el-mundo-a-traves-de-la-danza-50289806/index.html (+18ms) 
00:42:18   ├─ /agenda/reencuentros-50147445/index.html (+1ms) 
00:42:18   ├─ /agenda/senda-guiada-las-maravillas-del-retiro-50173945/index.html (+14ms) 
00:42:18   ├─ /agenda/senda-guiada-los-frutos-del-otono-50173923/index.html (+51ms) 
00:42:18   ├─ /agenda/senda-guiada-ruta-especies-exoticas-50173965/index.html (+80ms) 
00:42:18   ├─ /agenda/senda-guiada-ruta-los-origenes-del-retiro-50150270/index.html (+24ms) 
00:42:18   ├─ /agenda/stage-on-the-road-50147279/index.html (+1ms) 
00:42:18   ├─ /agenda/taller-de-compostaje-en-el-huerto-de-el-retiro-50343651/index.html (+58ms) 
00:42:18   ├─ /agenda/taller-de-huerto-familiar-11771314/index.html (+46ms) 
00:42:18   ├─ /agenda/taller-conoce-los-insectos-y-otros-habitantes-de-la-cabana-50173971/index.html (+19ms) 
00:42:18   ├─ /agenda/taller-las-huellas-del-bosque-50149650/index.html (+32ms) 
00:42:18   ├─ /agenda/taller-extraccion-de-semillas-50346069/index.html (+55ms) 
00:42:18   ├─ /agenda/taller-fauna-del-huerto-11771315/index.html (+19ms) 
00:42:18   ├─ /agenda/titeres-a-cielo-abierto-2026-50399382/index.html (+77ms) 
00:42:18   ├─ /agenda/trapos-50380598/index.html (+50ms) 
00:42:18   ├─ /agenda/trilogia-andaluza-50146209/index.html (+27ms) 
00:42:18   ├─ /agenda/una-ducha-de-agua-fria-50103106/index.html (+52ms) 
00:42:19   ├─ /agenda/visita-guiada-a-la-casa-de-campo-50173921/index.html (+38ms) 
00:42:19   ├─ /agenda/visita-guiada-a-la-fuente-del-berro-50148204/index.html (+35ms) 
00:42:19   ├─ /agenda/xx-encuentro-talent-universal-50235019/index.html (+19ms) 
00:42:19   ├─ /agenda/yincana-ornitologica-50173982/index.html (+66ms) 
00:42:19   ├─ /agenda/yincana-descubriendo-los-frutos-del-otono-50148887/index.html (+76ms) 
00:42:19   ├─ /agenda/a-taste-of-the-moon-con-mamen-storyteller-50372929/index.html (+68ms) 
00:42:19   ├─ /agenda/brizna-de-silencio-de-sonia-bautista-50402454/index.html (+15ms) 
00:42:19   ├─ /agenda/el-viaje-de-la-maternidad-de-raquel-huescar-parraga-50389043/index.html (+1ms) 
00:42:19   ├─ /agenda/lo-que-no-se-ve-en-la-radio-de-javier-garcia-romero-50396279/index.html (+13ms) 
00:42:19   ├─ /agenda/nuestros-companeros-mas-fieles-convivir-respetar-y-proteger-a-los-animal/index.html (+17ms) 
00:42:19   ├─ /agenda/perrito-se-va-de-paseo-con-nelson-calderon-50371426/index.html (+10ms) 
00:42:19   ├─ /agenda/que-son-los-ecosistemas-50174266/index.html (+1ms) 
00:42:19   ├─ /agenda/index.html (+6.95s) 
00:42:26   ├─ /lugares/estanque-grande/index.html (+1ms) 
00:42:26   ├─ /lugares/monumento-alfonso-xii/index.html (+0ms) 
00:42:26   ├─ /lugares/palacio-de-cristal/index.html (+0ms) 
00:42:26   ├─ /lugares/estanque-palacio-cristal/index.html (+1ms) 
00:42:26   ├─ /lugares/palacio-de-velazquez/index.html (+0ms) 
00:42:26   ├─ /lugares/fuente-angel-caido/index.html (+0ms) 
00:42:26   ├─ /lugares/la-rosaleda/index.html (+0ms) 
00:42:26   ├─ /lugares/jardines-cecilio-rodriguez/index.html (+0ms) 
00:42:26   ├─ /lugares/casita-del-pescador/index.html (+1ms) 
00:42:26   ├─ /lugares/montana-artificial/index.html (+0ms) 
00:42:26   ├─ /lugares/teatro-titeres/index.html (+0ms) 
00:42:26   ├─ /lugares/biblioteca-eugenio-trias/index.html (+0ms) 
00:42:26   ├─ /lugares/casa-de-vacas/index.html (+0ms) 
00:42:26   ├─ /lugares/parterre-frances/index.html (+0ms) 
00:42:26   ├─ /lugares/ahuehuete-del-parterre/index.html (+0ms) 
00:42:26   ├─ /lugares/paseo-de-la-argentina/index.html (+0ms) 
00:42:26   ├─ /lugares/bosque-del-recuerdo/index.html (+0ms) 
00:42:26   ├─ /lugares/fuente-de-la-alcachofa/index.html (+0ms) 
00:42:26   ├─ /lugares/fuente-de-los-galapagos/index.html (+0ms) 
00:42:26   ├─ /lugares/puerta-de-felipe-iv/index.html (+0ms) 
00:42:26   ├─ /lugares/fuente-de-la-salud/index.html (+0ms) 
00:42:26   ├─ /lugares/fuente-de-las-gaviotas/index.html (+0ms) 
00:42:26   ├─ /lugares/fuente-de-la-sardana/index.html (+0ms) 
00:42:26   ├─ /lugares/estanque-ochavado/index.html (+0ms) 
00:42:26   ├─ /lugares/antigua-casa-de-fieras-foso/index.html (+0ms) 
00:42:26   ├─ /lugares/quiosco-de-musica/index.html (+1ms) 
00:42:26   ├─ /lugares/plaza-de-nicaragua/index.html (+0ms) 
00:42:26   ├─ /lugares/paseo-de-chile/index.html (+0ms) 
00:42:26   ├─ /lugares/paseo-de-colombia/index.html (+0ms) 
00:42:26   ├─ /lugares/paseo-de-paraguay/index.html (+0ms) 
00:42:26   ├─ /lugares/paseo-fernan-nunez/index.html (+0ms) 
00:42:26   ├─ /lugares/la-chopera/index.html (+0ms) 
00:42:26   ├─ /lugares/puerta-de-espana/index.html (+0ms) 
00:42:26   ├─ /lugares/jardin-de-vivaces/index.html (+0ms) 
00:42:26   ├─ /lugares/real-jardin-botanico/index.html (+6ms) 
00:42:26   ├─ /lugares/san-jeronimo-el-real/index.html (+1ms) 
00:42:26   ├─ /lugares/centro-educacion-ambiental-retiro/index.html (+0ms) 
00:42:26   ├─ /lugares/aula-ambiental-la-cabana/index.html (+0ms) 
00:42:26   ├─ /offline/index.html (+1ms) 
00:42:26   ├─ /rutas/retiro-imprescindible/index.html (+1ms) 
00:42:26   ├─ /rutas/retiro-en-una-hora/index.html (+0ms) 
00:42:26   ├─ /rutas/retiro-con-ninos/index.html (+0ms) 
00:42:26   ├─ /rutas/ruta-fotografica/index.html (+0ms) 
00:42:26   ├─ /rutas/caminar-o-correr/index.html (+0ms) 
00:42:26   ├─ /rutas/index.html (+1ms) 
00:42:26   ├─ /index.html (+6ms) 
00:42:26 ✓ Completed in 9.90s.

00:42:26 [build] ✓ Completed in 10.21s.
00:42:27 [build] 122 page(s) built in 11.32s
00:42:27 [build] Complete!
