
> retiro-interactivo@0.3.0 test:e2e
> node e2e/prepare.mjs && playwright test


> retiro-interactivo@0.3.0 build
> npm run validate:data && astro build


> retiro-interactivo@0.3.0 validate:data
> node scripts/validate-places.mjs

OK: 38 lugares + 44 servicios + 5 rutas + 74 eventos (62 próximos)
00:42:52 [types] Generated 27ms
00:42:52 [build] output: "static"
00:42:52 [build] mode: "static"
00:42:52 [build] directory: /Users/open-ia-01/Company/Repos/retiro-interactivo/dist-e2e/
00:42:52 [build] Collecting build info...
00:42:52 [build] ✓ Completed in 57ms.
00:42:52 [build] Building static entrypoints...
00:42:52 [vite] ✓ built in 89ms
00:42:53 [WARN] [vite] [plugin builtin:vite-reporter] 
(!) Some chunks are larger than 500 kB after minification. Consider:
- Using dynamic import() to code-split the application
- Use build.rolldownOptions.output.codeSplitting to improve chunking: https://rolldown.rs/reference/OutputOptions.codeSplitting
- Adjust chunk size limit for this warning via build.chunkSizeWarningLimit.
00:42:53 [vite] ✓ built in 166ms
00:42:53 [build] Rearranging server assets...

 generating static routes 
00:42:53   ├─ /acerca-de/index.html (+4ms) 
00:42:53   ├─ /agenda/expo-retiro-bic/index.html (+17ms) 
00:42:53   ├─ /agenda/titeres-dos-pases/index.html (+61ms) 
00:42:53   ├─ /agenda/paseo-que-caduca/index.html (+50ms) 
00:42:53   ├─ /agenda/dato-sin-actualizar/index.html (+50ms) 
00:42:53   ├─ /agenda/ruta-libros-vivos/index.html (+23ms) 
00:42:53   ├─ /agenda/index.html (+24ms) 
00:42:53   ├─ /lugares/estanque-grande/index.html (+2ms) 
00:42:53   ├─ /lugares/monumento-alfonso-xii/index.html (+2ms) 
00:42:53   ├─ /lugares/palacio-de-cristal/index.html (+1ms) 
00:42:53   ├─ /lugares/estanque-palacio-cristal/index.html (+1ms) 
00:42:53   ├─ /lugares/palacio-de-velazquez/index.html (+1ms) 
00:42:53   ├─ /lugares/fuente-angel-caido/index.html (+0ms) 
00:42:53   ├─ /lugares/la-rosaleda/index.html (+0ms) 
00:42:53   ├─ /lugares/jardines-cecilio-rodriguez/index.html (+0ms) 
00:42:53   ├─ /lugares/casita-del-pescador/index.html (+1ms) 
00:42:53   ├─ /lugares/montana-artificial/index.html (+0ms) 
00:42:53   ├─ /lugares/teatro-titeres/index.html (+1ms) 
00:42:53   ├─ /lugares/biblioteca-eugenio-trias/index.html (+1ms) 
00:42:53   ├─ /lugares/casa-de-vacas/index.html (+1ms) 
00:42:53   ├─ /lugares/parterre-frances/index.html (+0ms) 
00:42:53   ├─ /lugares/ahuehuete-del-parterre/index.html (+0ms) 
00:42:53   ├─ /lugares/paseo-de-la-argentina/index.html (+0ms) 
00:42:53   ├─ /lugares/bosque-del-recuerdo/index.html (+0ms) 
00:42:53   ├─ /lugares/fuente-de-la-alcachofa/index.html (+0ms) 
00:42:53   ├─ /lugares/fuente-de-los-galapagos/index.html (+1ms) 
00:42:53   ├─ /lugares/puerta-de-felipe-iv/index.html (+1ms) 
00:42:53   ├─ /lugares/fuente-de-la-salud/index.html (+1ms) 
00:42:53   ├─ /lugares/fuente-de-las-gaviotas/index.html (+1ms) 
00:42:53   ├─ /lugares/fuente-de-la-sardana/index.html (+0ms) 
00:42:53   ├─ /lugares/estanque-ochavado/index.html (+0ms) 
00:42:53   ├─ /lugares/antigua-casa-de-fieras-foso/index.html (+0ms) 
00:42:53   ├─ /lugares/quiosco-de-musica/index.html (+0ms) 
00:42:53   ├─ /lugares/plaza-de-nicaragua/index.html (+0ms) 
00:42:53   ├─ /lugares/paseo-de-chile/index.html (+0ms) 
00:42:53   ├─ /lugares/paseo-de-colombia/index.html (+0ms) 
00:42:53   ├─ /lugares/paseo-de-paraguay/index.html (+0ms) 
00:42:53   ├─ /lugares/paseo-fernan-nunez/index.html (+0ms) 
00:42:53   ├─ /lugares/la-chopera/index.html (+0ms) 
00:42:53   ├─ /lugares/puerta-de-espana/index.html (+0ms) 
00:42:53   ├─ /lugares/jardin-de-vivaces/index.html (+0ms) 
00:42:53   ├─ /lugares/real-jardin-botanico/index.html (+0ms) 
00:42:53   ├─ /lugares/san-jeronimo-el-real/index.html (+0ms) 
00:42:53   ├─ /lugares/centro-educacion-ambiental-retiro/index.html (+1ms) 
00:42:53   ├─ /lugares/aula-ambiental-la-cabana/index.html (+1ms) 
00:42:53   ├─ /offline/index.html (+1ms) 
00:42:53   ├─ /rutas/retiro-imprescindible/index.html (+1ms) 
00:42:53   ├─ /rutas/retiro-en-una-hora/index.html (+1ms) 
00:42:53   ├─ /rutas/retiro-con-ninos/index.html (+0ms) 
00:42:53   ├─ /rutas/ruta-fotografica/index.html (+0ms) 
00:42:53   ├─ /rutas/caminar-o-correr/index.html (+0ms) 
00:42:53   ├─ /rutas/index.html (+1ms) 
00:42:53   ├─ /index.html (+8ms) 
00:42:53 ✓ Completed in 289ms.

00:42:53 [build] ✓ Completed in 566ms.
00:42:54 [build] 53 page(s) built in 1.43s
00:42:54 [build] Complete!
E2E builds listos: dist-e2e (fixtures) y dist (candidato).
[2m[WebServer] [22m(node:22607) Warning: The 'NO_COLOR' env is ignored due to the 'FORCE_COLOR' env being set.
[2m[WebServer] [22m(Use `node --trace-warnings ...` to show where the warning was created)
[2m[WebServer] [22m(node:22608) Warning: The 'NO_COLOR' env is ignored due to the 'FORCE_COLOR' env being set.
[2m[WebServer] [22m(Use `node --trace-warnings ...` to show where the warning was created)

Running 22 tests using 4 workers

(node:22612) Warning: The 'NO_COLOR' env is ignored due to the 'FORCE_COLOR' env being set.
(Use `node --trace-warnings ...` to show where the warning was created)
(node:22610) Warning: The 'NO_COLOR' env is ignored due to the 'FORCE_COLOR' env being set.
(Use `node --trace-warnings ...` to show where the warning was created)
(node:22611) Warning: The 'NO_COLOR' env is ignored due to the 'FORCE_COLOR' env being set.
(Use `node --trace-warnings ...` to show where the warning was created)
(node:22609) Warning: The 'NO_COLOR' env is ignored due to the 'FORCE_COLOR' env being set.
(Use `node --trace-warnings ...` to show where the warning was created)
(node:22612) Warning: The 'NO_COLOR' env is ignored due to the 'FORCE_COLOR' env being set.
(Use `node --trace-warnings ...` to show where the warning was created)
(node:22609) Warning: The 'NO_COLOR' env is ignored due to the 'FORCE_COLOR' env being set.
(Use `node --trace-warnings ...` to show where the warning was created)
(node:22610) Warning: The 'NO_COLOR' env is ignored due to the 'FORCE_COLOR' env being set.
(Use `node --trace-warnings ...` to show where the warning was created)
(node:22611) Warning: The 'NO_COLOR' env is ignored due to the 'FORCE_COLOR' env being set.
(Use `node --trace-warnings ...` to show where the warning was created)
  ✓   2 [chromium] › e2e/agenda.spec.ts:15:3 › filtros de agenda › categoría, público, combinación, vacío, URL y atrás/adelante (1.6s)
  ✓   1 [chromium] › e2e/sw.spec.ts:4:3 › service worker › ficha visitada queda en caché; una no visitada no es la shell (1.7s)
  ✓   5 [chromium] › e2e/agenda.spec.ts:47:3 › filtros de agenda › una categoría desconocida no rompe la página y deja el conjunto vacío (273ms)
  ✓   6 [chromium] › e2e/agenda.spec.ts:57:3 › tiempo sin rebuild › Hoy se recalcula al cruzar medianoche Madrid (373ms)
  ✓   3 [webkit] › e2e/agenda.spec.ts:15:3 › filtros de agenda › categoría, público, combinación, vacío, URL y atrás/adelante (2.5s)
  ✓   7 [chromium] › e2e/agenda.spec.ts:73:3 › tiempo sin rebuild › caducidad al fin exacto retira el plan vigente (448ms)
  ✓   9 [chromium] › e2e/agenda.spec.ts:86:3 › tiempo sin rebuild › exposición abierta aunque empezó antes; día excluido ausente; dos pases (368ms)
  ✓   8 [webkit] › e2e/agenda.spec.ts:47:3 › filtros de agenda › una categoría desconocida no rompe la página y deja el conjunto vacío (574ms)
  ✓  10 [chromium] › e2e/agenda.spec.ts:105:3 › frescura y enlaces › un dato de más de 7 días no aparece como plan vigente (342ms)
  ✓  12 [chromium] › e2e/agenda.spec.ts:113:3 › frescura y enlaces › agenda → ficha → mapa y 404 real (641ms)
  ✓  11 [webkit] › e2e/agenda.spec.ts:57:3 › tiempo sin rebuild › Hoy se recalcula al cruzar medianoche Madrid (943ms)
  ✓  13 [chromium] › e2e/agenda.spec.ts:123:3 › frescura y enlaces › pasadas 48 h avisa que la agenda necesita actualizarse (372ms)
  ✓  15 [chromium] › e2e/agenda.spec.ts:133:3 › móvil 390×844 › filtros y ficha caben y son operables (456ms)
  ✓  16 [chromium] › e2e/agenda.spec.ts:147:3 › teclado escritorio › el filtro de categoría recibe foco y cambia con teclado (344ms)
  ✓  14 [webkit] › e2e/agenda.spec.ts:73:3 › tiempo sin rebuild › caducidad al fin exacto retira el plan vigente (1.1s)
  ✓  17 [webkit] › e2e/agenda.spec.ts:86:3 › tiempo sin rebuild › exposición abierta aunque empezó antes; día excluido ausente; dos pases (759ms)
  ✓  18 [webkit] › e2e/agenda.spec.ts:105:3 › frescura y enlaces › un dato de más de 7 días no aparece como plan vigente (704ms)
  ✓  19 [webkit] › e2e/agenda.spec.ts:113:3 › frescura y enlaces › agenda → ficha → mapa y 404 real (959ms)
  ✓  20 [webkit] › e2e/agenda.spec.ts:123:3 › frescura y enlaces › pasadas 48 h avisa que la agenda necesita actualizarse (725ms)
  ✓  21 [webkit] › e2e/agenda.spec.ts:133:3 › móvil 390×844 › filtros y ficha caben y son operables (753ms)
  ✓  22 [webkit] › e2e/agenda.spec.ts:147:3 › teclado escritorio › el filtro de categoría recibe foco y cambia con teclado (719ms)
  ✓   4 [firefox-smoke] › e2e/smoke.spec.ts:4:3 › smoke del candidato real › agenda, fichas críticas y cinco rutas cargan (16.0s)

  22 passed (18.1s)

To open last HTML report run:
[36m[39m
[36m  npx playwright show-report[39m
[36m[39m
